[
  {
    "Details": {},
    "Fingerprint": null,
    "Message": "Methods in value types cannot be bound as an RPC handlers. StructTypeRpcMethodHandler.RpcMethod",
    "Data": {},
    "HelpLink": null,
    "Source": "Xdxd.DotNet.Rpc",
    "HResult": -2146233088
  }
]