[
  {
    "Details": {},
    "Fingerprint": null,
    "Message": "Virtual methods cannot be bound as an RPC handlers. This includes abstract methods and methods that belong to interfaces. VirtualRpcMethodHandler.RpcMethod",
    "Data": {},
    "HelpLink": null,
    "Source": "Xdxd.DotNet.Rpc",
    "HResult": -2146233088
  }
]