[
  {
    "Details": {},
    "Fingerprint": null,
    "Message": "Request message is null.",
    "Data": {},
    "HelpLink": null,
    "Source": "Xdxd.DotNet.Rpc",
    "HResult": -2146233088
  }
]