[
  {
    "ClassName": "System.ArgumentNullException",
    "Message": "Value cannot be null.",
    "Data": null,
    "HelpURL": null,
    "RemoteStackTraceString": null,
    "RemoteStackIndex": 0,
    "ExceptionMethod": null,
    "HResult": -2147467261,
    "Source": "Xdxd.DotNet.Postgres",
    "WatsonBuckets": null,
    "ParamName": "sql"
  }
]